Command: ['/home/callen/work/sparktls-perf-2026-09-24/tools/kani/bin/cargo-kani', 'kani', '--lib', '--no-default-features', '--features', 'std', '--output-format', 'terse', '-Z', 'unstable-options', '--harness-timeout', '180s', '--manifest-path', '/home/callen/work/sparktls-perf-2026-09-24/SPARKTLS/third_party/rustls/Cargo.toml', '--jobs', '2', '--export-json', '/home/callen/work/sparktls-perf-2026-09-24/kani-port-artifacts/receive-final/kani.json']
Kani Rust Verifier 0.68.0 (cargo plugin)
CBMC 6.11.0
   Compiling rustls v0.23.45 (/home/callen/work/sparktls-perf-2026-09-24/SPARKTLS/third_party/rustls)
warning: use of an unstable feature
 --> <crate attribute>:1:12
  |
1 | #![feature(register_tool)]
  |            ^^^^^^^^^^^^^
  |
  = note: requested on the command line with `--force-warn unstable-features`

warning: Found the following unsupported constructs:
             - caller_location (1)
             - foreign function (2)
         
         Verification will fail if one or more of these constructs is reachable.
         See https://model-checking.github.io/kani/rust-feature-support.html for more details.

warning: Kani currently does not support concurrency. The following constructs will be treated as sequential operations:
             - atomic_xsub (5)
             - atomic_fence (4)
         

    Finished `dev` profile [unoptimized + debuginfo] target(s) in 3.61s
Thread 1: Checking harness msgs::fragmenter::kani_proofs::fragment_partition_preserves_bytes_and_metadata...
Thread 0: Checking harness kani_proofs::tls13_unpadding_enforces_full_record_size_boundary...
Thread 0: 
VERIFICATION RESULT:
 ** 0 of 675 failed (5 unreachable)

VERIFICATION:- SUCCESSFUL
Verification Time: 15.890941s

Thread 0: Checking harness kani_proofs::tls13_unpadding_preserves_content_and_extracts_last_nonzero_type...
Thread 1: 
VERIFICATION RESULT:
 ** 0 of 345 failed (3 unreachable)

VERIFICATION:- SUCCESSFUL
Verification Time: 30.198748s

Thread 1: Checking harness msgs::fragmenter::kani_proofs::fragment_configuration_preserves_rfc_bound...
Thread 1: 
VERIFICATION RESULT:
 ** 0 of 580 failed (2 unreachable)

VERIFICATION:- SUCCESSFUL
Verification Time: 7.373999s

Thread 1: Checking harness record_layer::kani_proofs::installing_read_key_resets_sequence_and_controls_trial_mode...
Thread 1: 
VERIFICATION RESULT:
 ** 0 of 275 failed (2 unreachable)

VERIFICATION:- SUCCESSFUL
Verification Time: 0.22418338s

Thread 1: Checking harness record_layer::kani_proofs::inactive_receive_preserves_counters_and_bytes...
Thread 1: 
VERIFICATION RESULT:
 ** 0 of 905 failed (4 unreachable)

VERIFICATION:- SUCCESSFUL
Verification Time: 0.74351543s

Thread 1: Checking harness record_layer::kani_proofs::trial_decryption_budget_never_underflows...
Thread 1: 
VERIFICATION RESULT:
 ** 0 of 233 failed (2 unreachable)

VERIFICATION:- SUCCESSFUL
Verification Time: 0.11954672s

Thread 1: Checking harness record_layer::kani_proofs::incoming_failure_preserves_sequence_and_obeys_trial_budget...
Thread 1: 
VERIFICATION RESULT:
 ** 0 of 843 failed (3 unreachable)

VERIFICATION:- SUCCESSFUL
Verification Time: 31.612694s

Thread 1: Checking harness record_layer::kani_proofs::incoming_success_advances_once_and_preserves_plaintext...
Thread 1: 
VERIFICATION RESULT:
 ** 0 of 940 failed (3 unreachable)

VERIFICATION:- SUCCESSFUL
Verification Time: 0.9811443s

Thread 1: Checking harness record_layer::kani_proofs::installing_write_key_resets_sequence_and_caps_limit...
Thread 1: 
VERIFICATION RESULT:
 ** 0 of 284 failed (2 unreachable)

VERIFICATION:- SUCCESSFUL
Verification Time: 0.23028806s

Thread 1: Checking harness record_layer::kani_proofs::outgoing_record_uses_old_sequence_then_increments_once...
Thread 1: 
VERIFICATION RESULT:
 ** 0 of 1200 failed (16 unreachable)

VERIFICATION:- SUCCESSFUL
Verification Time: 2.5800195s

Thread 1: Checking harness record_layer::kani_proofs::write_sequence_policy_prevents_wrap...
Thread 1: 
VERIFICATION RESULT:
 ** 0 of 249 failed (2 unreachable)

VERIFICATION:- SUCCESSFUL
Verification Time: 0.27071652s

Thread 1: Checking harness kani_proofs::reader_take_preserves_accounting...
Thread 1: 
VERIFICATION RESULT:
 ** 0 of 169 failed

VERIFICATION:- SUCCESSFUL
Verification Time: 4.0457664s

Thread 0: 
VERIFICATION RESULT:
 ** 0 of 697 failed (5 unreachable)

VERIFICATION:- SUCCESSFUL
Verification Time: 68.185135s

Thread 1: Checking harness kani_proofs::u16_codec_matches_spark_ts16...
Thread 1: 
VERIFICATION RESULT:
 ** 0 of 168 failed

VERIFICATION:- SUCCESSFUL
Verification Time: 0.30674794s

Thread 0: Checking harness kani_proofs::opaque_record_success_fits_available_buffer...
Thread 1: Checking harness kani_proofs::tls13_aad_matches_spark_record_header...
Thread 1: 
VERIFICATION RESULT:
 ** 0 of 79 failed

VERIFICATION:- SUCCESSFUL
Verification Time: 0.13999344s

Thread 1: Checking harness kani_proofs::nonce_is_injective_for_a_fixed_iv...
Thread 1: 
VERIFICATION RESULT:
 ** 0 of 181 failed (1 unreachable)

VERIFICATION:- SUCCESSFUL
Verification Time: 1.1611904s

Thread 1: Checking harness kani_proofs::nonce_matches_spark_xor_encoding...
Thread 1: 
VERIFICATION RESULT:
 ** 0 of 171 failed (1 unreachable)

VERIFICATION:- SUCCESSFUL
Verification Time: 0.99126214s

Thread 0: 
VERIFICATION RESULT:
 ** 0 of 559 failed (7 unreachable)

VERIFICATION:- SUCCESSFUL
Verification Time: 8.0641985s

Thread 0: Checking harness kani_proofs::opaque_header_decodes_fields_and_policy...
Thread 0: 
VERIFICATION RESULT:
 ** 0 of 319 failed

VERIFICATION:- SUCCESSFUL
Verification Time: 0.55139387s

Thread 0: Checking harness kani_proofs::reader_sub_and_rest_preserve_bytes...
Thread 0: 
VERIFICATION RESULT:
 ** 0 of 195 failed

VERIFICATION:- SUCCESSFUL
Verification Time: 8.044436s

Manual Harness Summary:
Complete - 20 successfully verified harnesses, 0 failures, 20 total.
