Command: ['/home/callen/work/sparktls-perf-2026-09-24/tools/kani/bin/cargo-kani', 'kani', '--lib', '--no-default-features', '--features', 'std', '--output-format', 'terse', '-Z', 'unstable-options', '--harness-timeout', '180s', '--manifest-path', '/home/callen/work/sparktls-perf-2026-09-24/kani-port-artifacts/receive-final/receive_counter_mutation-mutant/Cargo.toml', '--harness', 'record_layer::kani_proofs::incoming_success_advances_once_and_preserves_plaintext', '--exact', '--export-json', '/home/callen/work/sparktls-perf-2026-09-24/kani-port-artifacts/receive-final/receive_counter_mutation.json']
Kani Rust Verifier 0.68.0 (cargo plugin)
CBMC 6.11.0
   Compiling zeroize v1.8.2
   Compiling rustls v0.23.45 (/home/callen/work/sparktls-perf-2026-09-24/kani-port-artifacts/receive-final/receive_counter_mutation-mutant)
   Compiling untrusted v0.9.0
   Compiling once_cell v1.21.4
warning: use of an unstable feature
 --> <crate attribute>:1:12
  |
1 | #![feature(register_tool)]
  |            ^^^^^^^^^^^^^
  |
  = note: requested on the command line with `--force-warn unstable-features`

   Compiling subtle v2.6.1
warning: use of an unstable feature
 --> <crate attribute>:1:12
  |
1 | #![feature(register_tool)]
  |            ^^^^^^^^^^^^^
  |
  = note: requested on the command line with `--force-warn unstable-features`

   Compiling rustls-pki-types v1.15.1
warning: use of an unstable feature
 --> <crate attribute>:1:12
  |
1 | #![feature(register_tool)]
  |            ^^^^^^^^^^^^^
  |
  = note: requested on the command line with `--force-warn unstable-features`

warning: use of an unstable feature
 --> <crate attribute>:1:12
  |
1 | #![feature(register_tool)]
  |            ^^^^^^^^^^^^^
  |
  = note: requested on the command line with `--force-warn unstable-features`

warning: use of an unstable feature
 --> <crate attribute>:1:12
  |
1 | #![feature(register_tool)]
  |            ^^^^^^^^^^^^^
  |
  = note: requested on the command line with `--force-warn unstable-features`

   Compiling rustls-webpki v0.103.15
warning: use of an unstable feature
 --> <crate attribute>:1:12
  |
1 | #![feature(register_tool)]
  |            ^^^^^^^^^^^^^
  |
  = note: requested on the command line with `--force-warn unstable-features`

warning: use of an unstable feature
 --> <crate attribute>:1:12
  |
1 | #![feature(register_tool)]
  |            ^^^^^^^^^^^^^
  |
  = note: requested on the command line with `--force-warn unstable-features`

warning: Found the following unsupported constructs:
             - caller_location (1)
             - foreign function (2)
         
         Verification will fail if one or more of these constructs is reachable.
         See https://model-checking.github.io/kani/rust-feature-support.html for more details.

warning: Kani currently does not support concurrency. The following constructs will be treated as sequential operations:
             - atomic_fence (4)
             - atomic_xsub (5)
         

    Finished `dev` profile [unoptimized + debuginfo] target(s) in 2.51s
Checking harness record_layer::kani_proofs::incoming_success_advances_once_and_preserves_plaintext...

VERIFICATION RESULT:
 ** 1 of 940 failed (9 unreachable)
Failed Checks: successful receive advances sequence once
 File: "src/record_layer/kani_proofs.rs", line 150, in record_layer::kani_proofs::incoming_success_advances_once_and_preserves_plaintext

VERIFICATION:- FAILED
Verification Time: 0.8699264s

Manual Harness Summary:
Verification failed for - record_layer::kani_proofs::incoming_success_advances_once_and_preserves_plaintext
Complete - 0 successfully verified harnesses, 1 failures, 1 total.
